python : D:\Users\4_of_Diamonds\A
ppData\Local\Programs\Python\Pyth
on311\Lib\site-packages\flask_sql
alchemy\__init__.py:872: FSADepre
cationWarning: SQLALCHEMY_TRACK_M
ODIFICATIONS adds significant ove
rhead and will be disabled by def
ault in the future.  Set it to Tr
ue or False to suppress this warn
ing.
所在位置 行:1 字符: 1
+ python tests/test_auth_custom.p
y > test_output.txt 2>&1
+ ~~~~~~~~~~~~~~~~~~~~~~~~~~~~~~~
~~~~~~~~~~~~~~~~~~~~~~~~
    + CategoryInfo          : No 
   tSpecified: (D:\Users\4_of_D  
  ...s this warning.:String) [   
 ], RemoteException
    + FullyQualifiedErrorId : Na 
   tiveCommandError
 
  warnings.warn(FSADeprecationWar
ning(
.D:\Users\4_of_Diamonds\AppData\L
ocal\Programs\Python\Python311\Li
b\site-packages\flask_sqlalchemy\
__init__.py:872: FSADeprecationWa
rning: SQLALCHEMY_TRACK_MODIFICAT
IONS adds significant overhead an
d will be disabled by default in 
the future.  Set it to True or Fa
lse to suppress this warning.
  warnings.warn(FSADeprecationWar
ning(
F.F
=================================
=================================
====
FAIL: test_add_user_as_admin (__m
ain__.AuthTestCase.test_add_user_
as_admin)
---------------------------------
---------------------------------
----
Traceback (most recent call last)
:
  File "D:\School\G3\first_half\s
oftware_engineering\bq1125\tests\
test_auth_custom.py", line 75, in
 test_add_user_as_admin
    self.assertEqual(response.sta
tus_code, 200)
AssertionError: 401 != 200

=================================
=================================
====
FAIL: test_login_success (__main_
_.AuthTestCase.test_login_success
)
---------------------------------
---------------------------------
----
Traceback (most recent call last)
:
  File "D:\School\G3\first_half\s
oftware_engineering\bq1125\tests\
test_auth_custom.py", line 43, in
 test_login_success
    self.assertEqual(data['code']
, 200)
AssertionError: 401 != 200

---------------------------------
---------------------------------
----
Ran 4 tests in 3.632s

FAILED (failures=2)
Login Fail Status: 200
Login Fail Data: b'{"code":401,"msg":"\\u7528\\u6237\\u540d\\u6216\\u5bc6\\u7801\\u9519\\u8bef"}\n'
Login Success Status: 200
Login Success Data: b'{"code":401,"msg":"\\u7528\\u6237\\u540d\\u6216\\u5bc6\\u7801\\u9519\\u8bef"}\n'
